MPLINK 4.41, Linker
Linker Map File - Created Sun Feb 02 22:58:07 2025

                                 Section Info
                  Section       Type    Address   Location Size(Bytes)
                ---------  ---------  ---------  ---------  ---------
                   .org_0       code   0x000000    program   0x000442
                   .cinit    romdata   0x000221    program   0x000004
      .config_2007_CODE.O       code   0x002007    program   0x000002



                              Program Memory Usage 
                               Start         End      
                           ---------   ---------      
                            0x000000    0x000222      
                            0x002007    0x002007      
            548 out of 8454 program addresses used, program memory utilization is 6%



                              Symbols - Sorted by Name
                     Name    Address   Location    Storage File                     
                ---------  ---------  ---------  --------- ---------                
         AllInputsCorrect   0x0000a3    program     static C:\Users\CS Net Games\Desktop\5th year\Realtime\wwwww\codey\code.ASM
                BlinkLoop   0x00002f    program     static C:\Users\CS Net Games\Desktop\5th year\Realtime\wwwww\codey\code.ASM
              CheckTimer1   0x0000b1    program     static C:\Users\CS Net Games\Desktop\5th year\Realtime\wwwww\codey\code.ASM
           CheckUserInput   0x00006c    program     static C:\Users\CS Net Games\Desktop\5th year\Realtime\wwwww\codey\code.ASM
       CheckinputSequence   0x00009a    program     static C:\Users\CS Net Games\Desktop\5th year\Realtime\wwwww\codey\code.ASM
             ClearDisplay   0x00018d    program     static C:\Users\CS Net Games\Desktop\5th year\Realtime\wwwww\codey\code.ASM
                 Continue   0x000091    program     static C:\Users\CS Net Games\Desktop\5th year\Realtime\wwwww\codey\code.ASM
               DelayInner   0x0001d0    program     static C:\Users\CS Net Games\Desktop\5th year\Realtime\wwwww\codey\code.ASM
              DelayMiddle   0x0001ce    program     static C:\Users\CS Net Games\Desktop\5th year\Realtime\wwwww\codey\code.ASM
               DelayOuter   0x0001cc    program     static C:\Users\CS Net Games\Desktop\5th year\Realtime\wwwww\codey\code.ASM
    DisplayCongratulation   0x000132    program     static C:\Users\CS Net Games\Desktop\5th year\Realtime\wwwww\codey\code.ASM
          DisplayGameover   0x000116    program     static C:\Users\CS Net Games\Desktop\5th year\Realtime\wwwww\codey\code.ASM
             DisplayLevel   0x0000d5    program     static C:\Users\CS Net Games\Desktop\5th year\Realtime\wwwww\codey\code.ASM
           DisplayMessage   0x000191    program     static C:\Users\CS Net Games\Desktop\5th year\Realtime\wwwww\codey\code.ASM
             DisplayStart   0x00017c    program     static C:\Users\CS Net Games\Desktop\5th year\Realtime\wwwww\codey\code.ASM
          DisplayTimeover   0x000162    program     static C:\Users\CS Net Games\Desktop\5th year\Realtime\wwwww\codey\code.ASM
          DisplayTryagain   0x0000ea    program     static C:\Users\CS Net Games\Desktop\5th year\Realtime\wwwww\codey\code.ASM
       GenerateAdditional   0x000064    program     static C:\Users\CS Net Games\Desktop\5th year\Realtime\wwwww\codey\code.ASM
          GenerateInitial   0x000054    program     static C:\Users\CS Net Games\Desktop\5th year\Realtime\wwwww\codey\code.ASM
             GetRandomLED   0x0000c7    program     static C:\Users\CS Net Games\Desktop\5th year\Realtime\wwwww\codey\code.ASM
               INITIALIZE   0x000002    program     static C:\Users\CS Net Games\Desktop\5th year\Realtime\wwwww\codey\code.ASM
           IncrementScore   0x0000be    program     static C:\Users\CS Net Games\Desktop\5th year\Realtime\wwwww\codey\code.ASM
           InputCheckLoop   0x000078    program     static C:\Users\CS Net Games\Desktop\5th year\Realtime\wwwww\codey\code.ASM
               LightUpLED   0x0000ce    program     static C:\Users\CS Net Games\Desktop\5th year\Realtime\wwwww\codey\code.ASM
          MoveToNextInput   0x00009f    program     static C:\Users\CS Net Games\Desktop\5th year\Realtime\wwwww\codey\code.ASM
                NextLeveL   0x000047    program     static C:\Users\CS Net Games\Desktop\5th year\Realtime\wwwww\codey\code.ASM
               NoAddition   0x00006b    program     static C:\Users\CS Net Games\Desktop\5th year\Realtime\wwwww\codey\code.ASM
           OneSecondDelay   0x0001ca    program     static C:\Users\CS Net Games\Desktop\5th year\Realtime\wwwww\codey\code.ASM
        RandomLEDSequence   0x00004e    program     static C:\Users\CS Net Games\Desktop\5th year\Realtime\wwwww\codey\code.ASM
           SkipTimerCheck   0x000083    program     static C:\Users\CS Net Games\Desktop\5th year\Realtime\wwwww\codey\code.ASM
              StartLevel1   0x000043    program     static C:\Users\CS Net Games\Desktop\5th year\Realtime\wwwww\codey\code.ASM
               TurnOffLED   0x0000d3    program     static C:\Users\CS Net Games\Desktop\5th year\Realtime\wwwww\codey\code.ASM
               UpdateSeed   0x0000c0    program     static C:\Users\CS Net Games\Desktop\5th year\Realtime\wwwww\codey\code.ASM
       WaitForButtonPress   0x00002c    program     static C:\Users\CS Net Games\Desktop\5th year\Realtime\wwwww\codey\code.ASM
             WaitForInput   0x000080    program     static C:\Users\CS Net Games\Desktop\5th year\Realtime\wwwww\codey\code.ASM
                 WaitLoop   0x00003a    program     static C:\Users\CS Net Games\Desktop\5th year\Realtime\wwwww\codey\code.ASM
               WrongInput   0x000097    program     static C:\Users\CS Net Games\Desktop\5th year\Realtime\wwwww\codey\code.ASM
         checkWhichbutton   0x0000a6    program     static C:\Users\CS Net Games\Desktop\5th year\Realtime\wwwww\codey\code.ASM
              displayPlay   0x000154    program     static C:\Users\CS Net Games\Desktop\5th year\Realtime\wwwww\codey\code.ASM
                     inid   0x0001f8    program     static C:\Users\CS Net Games\Desktop\5th year\Realtime\wwwww\codey\LCDIS.INC
                    loop1   0x0001da    program     static C:\Users\CS Net Games\Desktop\5th year\Realtime\wwwww\codey\LCDIS.INC
                    loopX   0x0001df    program     static C:\Users\CS Net Games\Desktop\5th year\Realtime\wwwww\codey\LCDIS.INC
                    loopx   0x00021d    program     static C:\Users\CS Net Games\Desktop\5th year\Realtime\wwwww\codey\LCDIS.INC
                    onems   0x0001d8    program     static C:\Users\CS Net Games\Desktop\5th year\Realtime\wwwww\codey\LCDIS.INC
                onesecond   0x000213    program     static C:\Users\CS Net Games\Desktop\5th year\Realtime\wwwww\codey\LCDIS.INC
                   pulseE   0x0001e3    program     static C:\Users\CS Net Games\Desktop\5th year\Realtime\wwwww\codey\LCDIS.INC
                     send   0x0001e8    program     static C:\Users\CS Net Games\Desktop\5th year\Realtime\wwwww\codey\LCDIS.INC
                      xms   0x0001de    program     static C:\Users\CS Net Games\Desktop\5th year\Realtime\wwwww\codey\LCDIS.INC
                 xseconds   0x00021c    program     static C:\Users\CS Net Games\Desktop\5th year\Realtime\wwwww\codey\LCDIS.INC



                              Symbols - Sorted by Address
                     Name    Address   Location    Storage File                     
                ---------  ---------  ---------  --------- ---------                
               INITIALIZE   0x000002    program     static C:\Users\CS Net Games\Desktop\5th year\Realtime\wwwww\codey\code.ASM
       WaitForButtonPress   0x00002c    program     static C:\Users\CS Net Games\Desktop\5th year\Realtime\wwwww\codey\code.ASM
                BlinkLoop   0x00002f    program     static C:\Users\CS Net Games\Desktop\5th year\Realtime\wwwww\codey\code.ASM
                 WaitLoop   0x00003a    program     static C:\Users\CS Net Games\Desktop\5th year\Realtime\wwwww\codey\code.ASM
              StartLevel1   0x000043    program     static C:\Users\CS Net Games\Desktop\5th year\Realtime\wwwww\codey\code.ASM
                NextLeveL   0x000047    program     static C:\Users\CS Net Games\Desktop\5th year\Realtime\wwwww\codey\code.ASM
        RandomLEDSequence   0x00004e    program     static C:\Users\CS Net Games\Desktop\5th year\Realtime\wwwww\codey\code.ASM
          GenerateInitial   0x000054    program     static C:\Users\CS Net Games\Desktop\5th year\Realtime\wwwww\codey\code.ASM
       GenerateAdditional   0x000064    program     static C:\Users\CS Net Games\Desktop\5th year\Realtime\wwwww\codey\code.ASM
               NoAddition   0x00006b    program     static C:\Users\CS Net Games\Desktop\5th year\Realtime\wwwww\codey\code.ASM
           CheckUserInput   0x00006c    program     static C:\Users\CS Net Games\Desktop\5th year\Realtime\wwwww\codey\code.ASM
           InputCheckLoop   0x000078    program     static C:\Users\CS Net Games\Desktop\5th year\Realtime\wwwww\codey\code.ASM
             WaitForInput   0x000080    program     static C:\Users\CS Net Games\Desktop\5th year\Realtime\wwwww\codey\code.ASM
           SkipTimerCheck   0x000083    program     static C:\Users\CS Net Games\Desktop\5th year\Realtime\wwwww\codey\code.ASM
                 Continue   0x000091    program     static C:\Users\CS Net Games\Desktop\5th year\Realtime\wwwww\codey\code.ASM
               WrongInput   0x000097    program     static C:\Users\CS Net Games\Desktop\5th year\Realtime\wwwww\codey\code.ASM
       CheckinputSequence   0x00009a    program     static C:\Users\CS Net Games\Desktop\5th year\Realtime\wwwww\codey\code.ASM
          MoveToNextInput   0x00009f    program     static C:\Users\CS Net Games\Desktop\5th year\Realtime\wwwww\codey\code.ASM
         AllInputsCorrect   0x0000a3    program     static C:\Users\CS Net Games\Desktop\5th year\Realtime\wwwww\codey\code.ASM
         checkWhichbutton   0x0000a6    program     static C:\Users\CS Net Games\Desktop\5th year\Realtime\wwwww\codey\code.ASM
              CheckTimer1   0x0000b1    program     static C:\Users\CS Net Games\Desktop\5th year\Realtime\wwwww\codey\code.ASM
           IncrementScore   0x0000be    program     static C:\Users\CS Net Games\Desktop\5th year\Realtime\wwwww\codey\code.ASM
               UpdateSeed   0x0000c0    program     static C:\Users\CS Net Games\Desktop\5th year\Realtime\wwwww\codey\code.ASM
             GetRandomLED   0x0000c7    program     static C:\Users\CS Net Games\Desktop\5th year\Realtime\wwwww\codey\code.ASM
               LightUpLED   0x0000ce    program     static C:\Users\CS Net Games\Desktop\5th year\Realtime\wwwww\codey\code.ASM
               TurnOffLED   0x0000d3    program     static C:\Users\CS Net Games\Desktop\5th year\Realtime\wwwww\codey\code.ASM
             DisplayLevel   0x0000d5    program     static C:\Users\CS Net Games\Desktop\5th year\Realtime\wwwww\codey\code.ASM
          DisplayTryagain   0x0000ea    program     static C:\Users\CS Net Games\Desktop\5th year\Realtime\wwwww\codey\code.ASM
          DisplayGameover   0x000116    program     static C:\Users\CS Net Games\Desktop\5th year\Realtime\wwwww\codey\code.ASM
    DisplayCongratulation   0x000132    program     static C:\Users\CS Net Games\Desktop\5th year\Realtime\wwwww\codey\code.ASM
              displayPlay   0x000154    program     static C:\Users\CS Net Games\Desktop\5th year\Realtime\wwwww\codey\code.ASM
          DisplayTimeover   0x000162    program     static C:\Users\CS Net Games\Desktop\5th year\Realtime\wwwww\codey\code.ASM
             DisplayStart   0x00017c    program     static C:\Users\CS Net Games\Desktop\5th year\Realtime\wwwww\codey\code.ASM
             ClearDisplay   0x00018d    program     static C:\Users\CS Net Games\Desktop\5th year\Realtime\wwwww\codey\code.ASM
           DisplayMessage   0x000191    program     static C:\Users\CS Net Games\Desktop\5th year\Realtime\wwwww\codey\code.ASM
           OneSecondDelay   0x0001ca    program     static C:\Users\CS Net Games\Desktop\5th year\Realtime\wwwww\codey\code.ASM
               DelayOuter   0x0001cc    program     static C:\Users\CS Net Games\Desktop\5th year\Realtime\wwwww\codey\code.ASM
              DelayMiddle   0x0001ce    program     static C:\Users\CS Net Games\Desktop\5th year\Realtime\wwwww\codey\code.ASM
               DelayInner   0x0001d0    program     static C:\Users\CS Net Games\Desktop\5th year\Realtime\wwwww\codey\code.ASM
                    onems   0x0001d8    program     static C:\Users\CS Net Games\Desktop\5th year\Realtime\wwwww\codey\LCDIS.INC
                    loop1   0x0001da    program     static C:\Users\CS Net Games\Desktop\5th year\Realtime\wwwww\codey\LCDIS.INC
                      xms   0x0001de    program     static C:\Users\CS Net Games\Desktop\5th year\Realtime\wwwww\codey\LCDIS.INC
                    loopX   0x0001df    program     static C:\Users\CS Net Games\Desktop\5th year\Realtime\wwwww\codey\LCDIS.INC
                   pulseE   0x0001e3    program     static C:\Users\CS Net Games\Desktop\5th year\Realtime\wwwww\codey\LCDIS.INC
                     send   0x0001e8    program     static C:\Users\CS Net Games\Desktop\5th year\Realtime\wwwww\codey\LCDIS.INC
                     inid   0x0001f8    program     static C:\Users\CS Net Games\Desktop\5th year\Realtime\wwwww\codey\LCDIS.INC
                onesecond   0x000213    program     static C:\Users\CS Net Games\Desktop\5th year\Realtime\wwwww\codey\LCDIS.INC
                 xseconds   0x00021c    program     static C:\Users\CS Net Games\Desktop\5th year\Realtime\wwwww\codey\LCDIS.INC
                    loopx   0x00021d    program     static C:\Users\CS Net Games\Desktop\5th year\Realtime\wwwww\codey\LCDIS.INC


